opening practices: want 100, from 3000 games
  judge: Stockfish 18  ·  10 engines  ·  work 22, verdict 24, tie-break 26, field 6
  rungs: 1600,1600,2000,2000,2000  ·  book 1  ·  no time-based rejection
.................................................. 50
.................................................. 100
.
played 149 games  ·  judged 1348 positions  ·  kept 101

why the rest were refused:
    321  no question: 6 moves within 30cp
    122  no question: 5 moves within 30cp
    122  no question: 4 moves within 30cp
     89  takes the piece that just moved
     88  already decided
     77  a king has wandered
     32  won at once
     15  the cut is only 38cp
     14  the cut is only 31cp
     14  the cut is only 12cp
     13  the cut is only 46cp
     13  the cut is only 5cp
     13  the cut is only 27cp
     12  the cut is only 13cp
     11  the cut is only 15cp
     11  the cut is only 40cp
     10  the cut is only 16cp
     10  the cut is only 9cp
     10  the cut is only 35cp
      9  the cut is only 17cp

wrote 101 to practices/opening.json
