opening: 58 puzzles
middlegame: 465 puzzles
endgame: 265 puzzles
  judge: Stockfish 18  ·  10 engines x 1 threads x 512MB  ·  sweep 18, work 22, verdict 24, tie-break 26, follow-up 20
.dddddd.dd.ddd.dddd.dd.dd.dddddd.d.dd.ddd.ddddddd. 50
dd.ddd..dd.dd...dddddddd.d.ddddddddd.dd.dddd.ddddd 100
.d.dddd.....dd.dd.....d.dd.dd...d......d.d.dd.dd.. 150
dd..d.ddddd...dddddddd.opening: 58 puzzles  (58 already verified, resuming)
middlegame: 465 puzzles  (115 already verified, resuming)
endgame: 265 puzzles
  judge: Stockfish 18  ·  10 engines x 1 threads x 512MB  ·  sweep 18, work 22, verdict 24, tie-break 26, follow-up 20
dd..d.dd..d...dd......dd.ddddddd.ddd......dd.....d 50
...dd..d.....d..d...dddddddddd.rd...dddd.dddd..... 100
.ddd..dd..dddd.dddd.dddd..d.ddddddd..d.dddd...dd.d 150
.d..dd....d..d.......dddd.d.d.d.ddddddddddd.d.dd.d 200
....d.dddd.d...d.dddd......dddd.dddd...dddd...ddd. 250
....dd.dd.ddd..d..d..d.dd.dddddddddd.d.ddd..ddddd. 300
.d..dddd.dddd.dddd..dd.d...dd.dd...d.dd.dddd.d.d.d 350
d.d.ddddddd.dddd....dddd..dddd.d..d.d....dd.d.d.d. 400
.dd.dd....d...d.dd..ddddd.d.d...d.dd..dd..dddd.d.d 450
dd..dd.dd.ddd..dd.dddrddd.d.ddddddd.dd.d.ddd.d...d 500
d..dddd.dd..d.ddd.ddd.dd.....ddddddddd.ddd..d.dd.d 550
ddd.ddddddddd.d.d..ddd.ddddddd.d.d.dddddddd..ddd.d 600
.ddd.d.dd.d..dd
checked 615 in 13358s

=== opening: 58 of 58 ===
  held up : 14
  repaired: 0 (0 no longer sharp)
  dropped : 44
  failed  : 0
    payoff: no promotion, no mate, nothing captured  30   #3 #4 #5 #6 #7 #8 #9 #10 #18 #19 #21 #22 #23 #25 #27 #28 #29 #30 #32 #33 #34 #36 #37 #45 #48 #49 #50 #51 #55 #56
    payoff: Q taken but not held (300cp banked)   2   #14 #38
    payoff: R taken but not held (270cp banked)   1   #2
    payoff: only N and the game is not decided (358cp)   1   #11
    payoff: Q taken but not held (250cp banked)   1   #17
    payoff: only N and the game is not decided (398cp)   1   #24
    payoff: only B, worth +23.5 points (needs +25)   1   #31
    payoff: only B, worth +24.9 points (needs +25)   1   #39
    payoff: only N, worth +21.7 points (needs +25)   1   #41
    payoff: only P, worth +19.9 points (needs +25)   1   #43
    payoff: only B/P and the game is not decided (376cp)   1   #44
    payoff: only N, worth +22.3 points (needs +25)   1   #53
    payoff: only P, worth +24.2 points (needs +25)   1   #57
    payoff: Q taken but not held (150cp banked)   1   #58
  claims struck from explanations: 8
       1  only 180cp is actually banked
       1  the queen on h5 is never taken in the line
       1  the queen on d5 is never taken in the line
       1  the bishop on c8 is never taken in the line
       1  only 100cp is actually banked
       1  the rook on a8 is never taken in the line
       1  the bishop on b5 is never taken in the line
       1  the bishop on e2 is never taken in the line
  kinds   : 10 punish, 4 save
  dull    : 7 (still the best move, no longer 200cp clear at the sweep depth)
  44 rungs removed; the track is now 14 long
  13 of 14 rungs renumbered to keep the ladder in difficulty order (ids, and so progress, are untouched)
  wrote work/stage1/opening.json

=== middlegame: 465 of 465 ===
  held up : 201
  repaired: 1 (0 no longer sharp)
  dropped : 263
  failed  : 0
    payoff: no promotion, no mate, nothing captured 148   #1 #3 #6 #8 #11 #12 #13 #14 #15 #17 #19 #20 #21 #22 #24 #27 #28 #29 #30 #31 #32 #33 #34 #36 #37 #39 #40 #42 #43 #45 #47 #48 #50 #53 #55 #67 #70 #71 #78 #97 #101 #106 #108 #109 #112 #120 #124 #129 #131 #140 #141 #143 #144 #145 #146 #147 #148 #149 #150 #151 #155 #159 #166 #169 #185 #188 #191 #197 #198 #199 #202 #204 #206 #207 #211 #212 #213 #218 #223 #227 #229 #231 #236 #238 #239 #240 #241 #242 #243 #244 #247 #248 #249 #256 #260 #279 #297 #301 #302 #303 #304 #306 #307 #308 #310 #311 #312 #313 #314 #315 #324 #332 #333 #336 #347 #350 #353 #358 #362 #365 #371 #382 #393 #395 #396 #397 #398 #399 #400 #401 #402 #406 #410 #413 #420 #421 #422 #424 #427 #430 #432 #434 #435 #443 #444 #447 #453 #464
    payoff: R taken but not held (0cp banked)   9   #63 #73 #157 #220 #221 #284 #339 #375 #451
    payoff: Q taken but not held (0cp banked)   9   #85 #95 #107 #193 #226 #321 #426 #437 #441
    payoff: Q taken but not held (-100cp banked)   8   #56 #74 #262 #292 #294 #295 #460 #461
    payoff: Q taken but not held (300cp banked)   5   #61 #192 #194 #234 #252
    payoff: Q taken but not held (100cp banked)   5   #77 #208 #230 #300 #374
    payoff: R taken but not held (-100cp banked)   5   #257 #265 #331 #354 #376
    payoff: Q taken but not held (250cp banked)   3   #51 #68 #94
    payoff: R/Q taken but not held (0cp banked)   3   #92 #115 #388
    payoff: R taken but not held (80cp banked)   3   #100 #117 #381
    payoff: Q taken but not held (220cp banked)   3   #177 #361 #408
    payoff: R taken but not held (110cp banked)   3   #215 #286 #392
    payoff: R taken but not held (180cp banked)   3   #228 #346 #412
    payoff: R taken but not held (100cp banked)   3   #272 #277 #431
    payoff: R taken but not held (170cp banked)   3   #290 #415 #429
    payoff: R taken but not held (-70cp banked)   2   #89 #118
    payoff: Q taken but not held (70cp banked)   2   #122 #283
    payoff: Q taken but not held (-30cp banked)   2   #253 #380
    payoff: Q taken but not held (10cp banked)   1   #5
    payoff: Q taken but not held (-500cp banked)   1   #18
    payoff: R taken but not held (280cp banked)   1   #26
    payoff: only B, worth +22.1 points (needs +25)   1   #80
    payoff: Q/R taken but not held (280cp banked)   1   #82
    payoff: only N and the game is not decided (395cp)   1   #98
    payoff: R taken but not held (-430cp banked)   1   #110
    payoff: only N, worth +22.7 points (needs +25)   1   #123
    payoff: R/Q taken but not held (300cp banked)   1   #132
    payoff: R taken but not held (160cp banked)   1   #135
    payoff: only P, worth +23.4 points (needs +25)   1   #161
    payoff: R/Q taken but not held (170cp banked)   1   #180
    payoff: Q taken but not held (170cp banked)   1   #186
    payoff: Q taken but not held (260cp banked)   1   #189
    payoff: R taken but not held (-900cp banked)   1   #196
    payoff: R taken but not held (-180cp banked)   1   #254
    payoff: only P, worth +22.3 points (needs +25)   1   #264
    payoff: only P, worth +20.7 points (needs +25)   1   #266
    payoff: only B and the game is not decided (350cp)   1   #267
    payoff: Q taken but not held (-330cp banked)   1   #299
    payoff: Q taken but not held (-110cp banked)   1   #317
    payoff: only N, worth +24.6 points (needs +25)   1   #319
    payoff: R taken but not held (-500cp banked)   1   #330
    payoff: only B, worth +22.0 points (needs +25)   1   #338
    payoff: Q/R taken but not held (100cp banked)   1   #342
    payoff: Q taken but not held (-20cp banked)   1   #345
    payoff: R taken but not held (-300cp banked)   1   #348
    payoff: Q taken but not held (130cp banked)   1   #355
    payoff: Q taken but not held (240cp banked)   1   #357
    payoff: only N, worth +22.0 points (needs +25)   1   #360
    payoff: R taken but not held (70cp banked)   1   #368
    payoff: Q taken but not held (80cp banked)   1   #378
    payoff: R taken but not held (310cp banked)   1   #379
    payoff: Q taken but not held (90cp banked)   1   #385
    payoff: only N, worth +22.5 points (needs +25)   1   #403
    payoff: only P, worth +20.5 points (needs +25)   1   #407
    payoff: Q taken but not held (-10cp banked)   1   #418
    payoff: only P/B, worth +22.6 points (needs +25)   1   #419
    payoff: only B/P, worth +22.7 points (needs +25)   1   #428
    payoff: Q taken but not held (-200cp banked)   1   #442
    payoff: Q taken but not held (-300cp banked)   1   #445
    payoff: only P/N, worth +20.9 points (needs +25)   1   #455
    payoff: R taken but not held (270cp banked)   1   #458
    payoff: R taken but not held (-320cp banked)   1   #462
  claims struck from explanations: 103
       5  the trapped knight survives the line
       4  the trapped bishop survives the line
       3  the queen on f2 is never taken in the line
       3  the queen on d4 is never taken in the line
       3  the bishop on d2 is never taken in the line
       2  only 400cp is actually banked
       2  the queen on a5 is never taken in the line
       2  only 100cp is actually banked
       2  only 130cp is actually banked
       2  the rook on a8 is never taken in the line
       2  only 60cp is actually banked
       2  the trapped rook survives the line
       2  only 230cp is actually banked
       2  the queen on a4 is never taken in the line
       2  the bishop on e7 is never taken in the line
       2  the queen on d3 is never taken in the line
       2  the trapped queen survives the line
       2  the queen on d2 is never taken in the line
       2  the rook on d1 is never taken in the line
       2  the bishop on g7 is never taken in the line
       2  the rook on d8 is never taken in the line
       2  only 0cp is actually banked
       1  only 430cp is actually banked
       1  the queen on e4 is never taken in the line
       1  the queen on h5 is never taken in the line
       1  the queen on g5 is never taken in the line
       1  the queen on e3 is never taken in the line
       1  only -790cp is actually banked
       1  the queen on f3 is never taken in the line
       1  the knight on f2 is never taken in the line
       1  the pawn on b7 is never taken in the line
       1  only 410cp is actually banked
       1  the rook on h3 is never taken in the line
       1  the queen on f4 is never taken in the line
       1  the queen on g4 is never taken in the line
       1  the bishop on d7 is never taken in the line
       1  the bishop on c3 is never taken in the line
       1  the bishop on b2 is never taken in the line
       1  the queen on b6 is never taken in the line
       1  the rook on f5 is never taken in the line
       1  only 270cp is actually banked
       1  the queen on f6 is never taken in the line
       1  the rook on c8 is never taken in the line
       1  the pawn on d3 is never taken in the line
       1  the knight on b7 is never taken in the line
       1  only 120cp is actually banked
       1  the queen on g6 is never taken in the line
       1  only 250cp is actually banked
       1  the rook on e3 is never taken in the line
       1  the pawn on a7 is never taken in the line
       1  the bishop on d3 is never taken in the line
       1  the queen on e7 is never taken in the line
       1  only 80cp is actually banked
       1  only 170cp is actually banked
       1  the bishop on c4 is never taken in the line
       1  the queen on h4 is never taken in the line
       1  only -170cp is actually banked
       1  only 380cp is actually banked
       1  the rook on g3 is never taken in the line
       1  the pawn on c5 is never taken in the line
       1  the queen on d1 is never taken in the line
       1  the queen on d7 is never taken in the line
       1  the queen on b3 is never taken in the line
       1  the bishop on b4 is never taken in the line
       1  the queen on d6 is never taken in the line
       1  only 390cp is actually banked
       1  the knight on f5 is never taken in the line
       1  only 330cp is actually banked
       1  the pawn on a4 is never taken in the line
       1  the knight on d6 is never taken in the line
       1  the knight on e2 is never taken in the line
       1  the queen on e5 is never taken in the line
       1  the queen on d5 is never taken in the line
  kinds   : 71 punish, 131 save
  dull    : 64 (still the best move, no longer 200cp clear at the sweep depth)
  #195 WRONG  defence ply 3: file plays e8d8, engine plays e8e4 (weak-defence, 149cp worse)
         was Rxe2 fxe2 Bd2 Rd8 Be1
         now Rxe2 fxe2 Bd2 Rd8 Be1
  263 rungs removed; the track is now 202 long
  202 of 202 rungs renumbered to keep the ladder in difficulty order (ids, and so progress, are untouched)
  wrote work/stage1/middlegame.json

=== endgame: 265 of 265 ===
  held up : 97
  repaired: 1 (0 no longer sharp)
  dropped : 167
  failed  : 0
    payoff: no promotion, no mate, nothing captured 136   #1 #2 #5 #7 #8 #9 #10 #11 #12 #13 #14 #15 #16 #19 #20 #22 #23 #26 #27 #28 #29 #31 #32 #33 #35 #37 #38 #42 #43 #45 #48 #51 #55 #56 #58 #60 #61 #70 #75 #76 #86 #90 #91 #94 #96 #97 #98 #100 #101 #102 #106 #108 #109 #116 #117 #118 #121 #124 #125 #126 #127 #129 #130 #132 #134 #135 #136 #137 #138 #141 #142 #144 #145 #146 #149 #150 #156 #157 #158 #160 #162 #163 #164 #166 #168 #169 #175 #177 #178 #183 #184 #185 #186 #187 #189 #190 #191 #192 #193 #194 #196 #198 #200 #205 #206 #208 #209 #210 #211 #212 #213 #214 #217 #219 #221 #226 #228 #229 #230 #231 #232 #235 #241 #242 #243 #244 #245 #246 #251 #254 #255 #256 #258 #259 #263 #264
    payoff: R taken but not held (100cp banked)   4   #80 #203 #223 #238
    payoff: R taken but not held (0cp banked)   4   #83 #207 #220 #227
    payoff: R taken but not held (10cp banked)   2   #73 #218
    payoff: Q taken but not held (0cp banked)   2   #78 #114
    payoff: Q taken but not held (-100cp banked)   2   #84 #253
    payoff: R taken but not held (-100cp banked)   2   #139 #236
    payoff: R taken but not held (170cp banked)   1   #67
    payoff: R taken but not held (-220cp banked)   1   #71
    payoff: only P, worth +22.7 points (needs +25)   1   #77
    payoff: Q taken but not held (300cp banked)   1   #79
    payoff: Q taken but not held (80cp banked)   1   #105
    payoff: only N, worth +22.5 points (needs +25)   1   #107
    payoff: only P and the game is not decided (389cp)   1   #112
    payoff: only B and the game is not decided (389cp)   1   #131
    payoff: R taken but not held (220cp banked)   1   #154
    payoff: R taken but not held (180cp banked)   1   #171
    payoff: only B, worth +24.3 points (needs +25)   1   #172
    payoff: only B and the game is not decided (343cp)   1   #195
    payoff: R taken but not held (70cp banked)   1   #233
    payoff: only P/B, worth +24.5 points (needs +25)   1   #237
    payoff: only P and the game is not decided (390cp)   1   #250
  claims struck from explanations: 42
       3  only 0cp is actually banked
       3  no queen is captured in the line
       2  only 100cp is actually banked
       2  the trapped bishop survives the line
       1  the queen on d5 is never taken in the line
       1  no knight is captured in the line
       1  the pawn on e5 is never taken in the line
       1  the rook on e2 is never taken in the line
       1  only 580cp is actually banked
       1  only 410cp is actually banked
       1  only 180cp is actually banked
       1  the rook on a3 is never taken in the line
       1  the rook on a2 is never taken in the line
       1  the bishop on h4 is never taken in the line
       1  only 170cp is actually banked
       1  the rook on a4 is never taken in the line
       1  only 130cp is actually banked
       1  only -100cp is actually banked
       1  the rook on g8 is never taken in the line
       1  the knight on d7 is never taken in the line
       1  the rook on e1 is never taken in the line
       1  the bishop on f7 is never taken in the line
       1  the rook on e6 is never taken in the line
       1  the rook on a5 is never taken in the line
       1  the pawn on h2 is never taken in the line
       1  the rook on a8 is never taken in the line
       1  only 60cp is actually banked
       1  the pawn on f7 is never taken in the line
       1  the rook on d4 is never taken in the line
       1  the knight on f6 is never taken in the line
       1  the trapped rook survives the line
       1  the pawn on g4 is never taken in the line
       1  the rook on h1 is never taken in the line
       1  the pawn on e6 is never taken in the line
       1  only 190cp is actually banked
       1  the rook on a1 is never taken in the line
  kinds   : 43 punish, 55 save
  dull    : 27 (still the best move, no longer 200cp clear at the sweep depth)
  #122 WRONG  defence ply 1: file plays e4e3, engine plays e4d4 (weak-defence, 8736cp worse)
         was Rxd4+ Ke3 d2 Kxd4 d1=Q+
         now Rxd4+ Ke3 d2 Kxd4 d1=Q+
  167 rungs removed; the track is now 98 long
  98 of 98 rungs renumbered to keep the ladder in difficulty order (ids, and so progress, are untouched)
  wrote work/stage1/endgame.json
