middlegame practices: want 100, from 6000 games
  judge: Stockfish 18  ·  10 engines  ·  work 22, verdict 24, tie-break 26
  rungs: 1600,1600,2000,2000,2000  ·  book 0  ·  no time-based rejection
middlegame practices: want 100, from 6000 games
  judge: Stockfish 18  ·  10 engines  ·  work 22, verdict 24, tie-break 26
  rungs: 1600,1600,2000,2000,2000  ·  book 0  ·  no time-based rejection
middlegame practices: want 100, from 6000 games
  judge: Stockfish 18  ·  10 engines  ·  work 22, verdict 24, tie-break 26
  rungs: 1600,1600,2000,2000,2000  ·  book 0  ·  no time-based rejection
.................................................. 50
.................................................. 100
.
played 650 games  ·  judged 10915 positions  ·  kept 101

why the rest were refused:
   9747  nominator: gap under 150cp at depth 14
    323  takes the piece that just moved
    107  one legal move
     80  two mates
     49  free piece
     41  swing +0.0 points
     39  won at once
      8  takes what the last move hung
      6  swing +19.0 points
      6  swing +0.8 points
      6  swing +19.3 points
      5  swing +17.8 points
      5  swing +7.6 points
      4  swing +12.9 points
      4  swing +10.9 points
      4  swing +11.6 points
      4  swing +12.3 points
      4  swing +3.1 points
      4  swing +20.0 points
      4  swing +15.5 points

wrote 101 to practices/middlegame.json
