opening: 19 puzzles
middlegame: 372 puzzles
endgame: 239 puzzles
  judge: Stockfish 18  ·  10 engines x 1 threads x 512MB  ·  sweep 18, work 22, verdict 24, tie-break 26, follow-up 20
ddddd.dddd.ddddd...d.ddd.ddd.d.d.ddddddddddddddddd 50
.dd..d.dd.ddd.d.d..d..d.dd.d...d.....dd.dd......d. 100
d..d.d.ddddddd.d.dd.dddddd.dd..dddddd...dd.ddd.ddd 150
..ddddddd.dd.ddd..dd...d...d...d.dd.d..dd.dd....dd 200
.ddddddd..dd.ddd.dd.ddd...d....dddd.ddd..d..ddddd. 250
.d..d..dd..ddddd.d...d....d.ddd...d.d.dd...ddddd.d 300
ddddddddd..ddd.ddd.dd.dd.ddd.d.dddd.dddddd....d.d. 350
d.d.d.ddd..ddd....dd.d.dddd.ddddd..dd..dd..dd.dddd 400
d.ddddd..d.ddd.dddd.ddd.d..ddd.ddddr.dddddddd...dd 450
d.dd.ddddddddd..dddddddd.ddddd.d.d.d.dr.dddd.dd..d 500
dddrdddd.d..ddddddd.dd.dd.dddddd...dd.d.ddddd..dd. 550
ddd.ddddd.ddddd.ddddddd.ddd..d..d..ddddddddddd.ddd 600
d..d.d...rdd.dddrdddd.dd.d..dd
checked 630 in 13241s

=== opening: 19 of 19 ===
  held up : 4
  repaired: 0 (0 no longer sharp)
  dropped : 15
  failed  : 0
    payoff: no promotion, no mate, nothing captured   4   #11 #13 #14 #15
    no advantage won         3   #7 #8 #12
    wins anyway              1   #1
    payoff: only N, worth +19.6 points (needs +25)   1   #4
    payoff: only N, worth +25.0 points (needs +25)   1   #5
    payoff: only B, worth +23.8 points (needs +25)   1   #6
    payoff: Q taken but not held (-80cp banked)   1   #9
    payoff: only B, worth +22.7 points (needs +25)   1   #10
    no mistake               1   #16
    payoff: only N/P, worth +20.1 points (needs +25)   1   #17
  kinds   : 2 punish, 2 save
  dull    : 1 (still the best move, no longer 200cp clear at the sweep depth)
  15 rungs removed; the track is now 4 long
  4 of 4 rungs renumbered to keep the ladder in difficulty order (ids, and so progress, are untouched)
  wrote work/gen/opening.json
noted in work/gen/README.md

=== middlegame: 372 of 372 ===
  held up : 148
  repaired: 0 (0 no longer sharp)
  dropped : 224
  failed  : 0
    payoff: no promotion, no mate, nothing captured  96   #1 #3 #4 #5 #6 #9 #10 #11 #14 #15 #19 #20 #21 #23 #24 #25 #26 #32 #38 #44 #49 #50 #60 #68 #73 #89 #90 #92 #94 #96 #97 #100 #101 #104 #106 #107 #113 #115 #119 #124 #127 #129 #130 #131 #132 #137 #140 #148 #151 #154 #155 #159 #169 #170 #178 #186 #187 #188 #189 #191 #203 #205 #223 #226 #229 #232 #235 #240 #248 #250 #252 #256 #263 #266 #269 #282 #283 #284 #285 #286 #287 #290 #294 #297 #302 #307 #316 #317 #320 #321 #323 #324 #325 #330 #342 #353
    no advantage won         8   #12 #153 #206 #207 #291 #293 #343 #361
    payoff: Q taken but not held (-100cp banked)   8   #46 #103 #193 #242 #262 #272 #274 #367
    ambiguous                8   #75 #120 #180 #196 #299 #319 #348 #349
    payoff: Q taken but not held (0cp banked)   7   #29 #33 #51 #61 #168 #267 #365
    already better           6   #41 #55 #77 #93 #174 #236
    wins anyway              6   #48 #149 #173 #199 #276 #371
    payoff: R taken but not held (0cp banked)   6   #74 #87 #200 #221 #303 #363
    payoff: R taken but not held (180cp banked)   5   #34 #123 #136 #237 #331
    payoff: Q taken but not held (100cp banked)   4   #18 #304 #339 #355
    payoff: Q taken but not held (70cp banked)   3   #27 #42 #81
    payoff: Q taken but not held (300cp banked)   3   #28 #230 #292
    payoff: R taken but not held (70cp banked)   3   #99 #141 #219
    payoff: R taken but not held (-400cp banked)   2   #86 #216
    payoff: R taken but not held (280cp banked)   2   #117 #166
    payoff: Q taken but not held (220cp banked)   2   #135 #278
    nothing to save          2   #139 #328
    payoff: R taken but not held (-70cp banked)   2   #182 #368
    still lost               2   #233 #243
    payoff: R taken but not held (170cp banked)   2   #261 #312
    payoff: R taken but not held (230cp banked)   2   #301 #360
    payoff: only N and the save does not hold (-91cp)   1   #22
    payoff: only N and the game is not decided (384cp)   1   #30
    payoff: R/Q taken but not held (100cp banked)   1   #31
    payoff: Q taken but not held (80cp banked)   1   #52
    payoff: Q taken but not held (-10cp banked)   1   #62
    payoff: Q taken but not held (230cp banked)   1   #98
    payoff: only P/B, worth +24.4 points (needs +25)   1   #108
    payoff: only B, worth +21.8 points (needs +25)   1   #110
    payoff: only P and the game is not decided (397cp)   1   #111
    payoff: only B, worth +23.3 points (needs +25)   1   #112
    payoff: Q taken but not held (150cp banked)   1   #116
    payoff: R taken but not held (10cp banked)   1   #138
    payoff: only N, worth +24.7 points (needs +25)   1   #143
    payoff: only N/B, worth +22.7 points (needs +25)   1   #165
    payoff: only P, worth +20.2 points (needs +25)   1   #179
    payoff: R taken but not held (200cp banked)   1   #183
    payoff: only B and the game is not decided (394cp)   1   #192
    payoff: Q taken but not held (-320cp banked)   1   #194
    payoff: only N and the game is not decided (399cp)   1   #208
    payoff: R taken but not held (-330cp banked)   1   #211
    payoff: R taken but not held (-20cp banked)   1   #215
    payoff: only B, worth +21.7 points (needs +25)   1   #217
    payoff: R/Q taken but not held (80cp banked)   1   #220
    payoff: only P, worth +21.6 points (needs +25)   1   #225
    payoff: only P/N/B, worth +24.7 points (needs +25)   1   #239
    payoff: only N/P/B, worth +24.9 points (needs +25)   1   #244
    payoff: R taken but not held (-460cp banked)   1   #280
    payoff: only P, worth +21.2 points (needs +25)   1   #281
    payoff: R taken but not held (300cp banked)   1   #289
    payoff: R taken but not held (-500cp banked)   1   #296
    payoff: only N and the game is not decided (336cp)   1   #305
    payoff: Q taken but not held (250cp banked)   1   #306
    payoff: Q taken but not held (-30cp banked)   1   #309
    payoff: R/Q taken but not held (280cp banked)   1   #314
    payoff: Q taken but not held (-230cp banked)   1   #315
    no mistake               1   #322
    payoff: only P/B/N, worth +20.5 points (needs +25)   1   #326
    payoff: only B/N, worth +21.8 points (needs +25)   1   #347
    payoff: R taken but not held (-260cp banked)   1   #350
    payoff: R taken but not held (250cp banked)   1   #356
    payoff: R taken but not held (30cp banked)   1   #359
    payoff: only B, worth +24.1 points (needs +25)   1   #362
    payoff: R taken but not held (-100cp banked)   1   #366
    payoff: Q taken but not held (180cp banked)   1   #369
    payoff: Q/R taken but not held (0cp banked)   1   #370
  extended: 20 lines carried on to their payoff (+70 plies in all)
  claims struck from explanations: 109
      10  the trapped bishop survives the line
       7  the trapped rook survives the line
       6  the rook on f1 is never taken in the line
       6  the trapped knight survives the line
       3  the rook on a1 is never taken in the line
       3  the bishop on c5 is never taken in the line
       3  the pawn on h5 is never taken in the line
       2  only 120cp is actually banked
       2  only 100cp is actually banked
       2  the pawn on e3 is never taken in the line
       2  only -620cp is actually banked
       2  the queen on d7 is never taken in the line
       2  only 10cp is actually banked
       2  the knight on c6 is never taken in the line
       2  the knight on f2 is never taken in the line
       1  only 70cp is actually banked
       1  the queen on d3 is never taken in the line
       1  the rook on g2 is never taken in the line
       1  only 190cp is actually banked
       1  only 280cp is actually banked
       1  the bishop on d5 is never taken in the line
       1  the queen on d1 is never taken in the line
       1  the rook on e8 is never taken in the line
       1  the knight on e5 is never taken in the line
       1  the queen on c1 is never taken in the line
       1  only -510cp is actually banked
       1  the queen on e4 is never taken in the line
       1  only 370cp is actually banked
       1  only 150cp is actually banked
       1  the pawn on c2 is never taken in the line
       1  the queen on h2 is never taken in the line
       1  the queen on f7 is never taken in the line
       1  the rook on b8 is never taken in the line
       1  the bishop on c8 is never taken in the line
       1  only 130cp is actually banked
       1  the pawn on e6 is never taken in the line
       1  only 400cp is actually banked
       1  no rook is captured in the line
       1  the knight on c1 is never taken in the line
       1  only -70cp is actually banked
       1  the bishop on h6 is never taken in the line
       1  the queen on h8 is never taken in the line
       1  only -30cp is actually banked
       1  only 0cp is actually banked
       1  the rook on d5 is never taken in the line
       1  only 320cp is actually banked
       1  only 270cp is actually banked
       1  the knight on e4 is never taken in the line
       1  only 440cp is actually banked
       1  the queen on c2 is never taken in the line
       1  only 300cp is actually banked
       1  the rook on b7 is never taken in the line
       1  the queen on d4 is never taken in the line
       1  the bishop on c6 is never taken in the line
       1  the bishop on b7 is never taken in the line
       1  the rook on d1 is never taken in the line
       1  only 80cp is actually banked
       1  the queen on b1 is never taken in the line
       1  the pawn on d3 is never taken in the line
       1  the rook on c8 is never taken in the line
       1  the rook on f7 is never taken in the line
       1  the queen on e7 is never taken in the line
       1  the queen on e8 is never taken in the line
       1  the rook on a8 is never taken in the line
       1  the pawn on d5 is never taken in the line
       1  the pawn on h4 is never taken in the line
       1  only 770cp is actually banked
       1  the queen on e2 is never taken in the line
       1  the trapped queen survives the line
       1  the queen on e1 is never taken in the line
  kinds   : 59 punish, 89 save
  dull    : 57 (still the best move, no longer 200cp clear at the sweep depth)
  224 rungs removed; the track is now 148 long
  148 of 148 rungs renumbered to keep the ladder in difficulty order (ids, and so progress, are untouched)
  wrote work/gen/middlegame.json
noted in work/gen/README.md

=== endgame: 239 of 239 ===
  held up : 67
  repaired: 5 (0 no longer sharp)
  dropped : 167
  failed  : 0
    payoff: no promotion, no mate, nothing captured 113   #2 #4 #5 #6 #8 #12 #15 #17 #18 #19 #20 #27 #28 #30 #32 #38 #39 #41 #44 #45 #46 #47 #49 #50 #51 #54 #55 #56 #57 #60 #65 #66 #69 #70 #71 #72 #74 #75 #77 #78 #79 #82 #83 #84 #86 #92 #96 #98 #99 #101 #104 #106 #112 #115 #116 #117 #118 #122 #123 #124 #128 #130 #131 #132 #135 #137 #139 #140 #141 #144 #145 #146 #149 #151 #153 #154 #156 #159 #160 #170 #173 #175 #176 #177 #178 #179 #181 #183 #194 #195 #196 #197 #198 #199 #200 #202 #203 #204 #206 #208 #209 #210 #212 #214 #219 #222 #223 #224 #226 #230 #232 #233 #234
    payoff: R taken but not held (0cp banked)  11   #29 #88 #107 #108 #158 #169 #185 #186 #201 #228 #237
    no advantage won         8   #13 #14 #34 #73 #109 #120 #138 #155
    payoff: R taken but not held (180cp banked)   6   #42 #48 #68 #125 #126 #168
    wins anyway              5   #7 #58 #165 #174 #182
    nothing to save          2   #21 #87
    payoff: Q taken but not held (0cp banked)   2   #81 #119
    payoff: R taken but not held (-100cp banked)   2   #89 #100
    still lost               2   #211 #231
    payoff: R taken but not held (80cp banked)   1   #23
    payoff: R taken but not held (300cp banked)   1   #25
    payoff: R taken but not held (100cp banked)   1   #35
    already better           1   #52
    payoff: only P, worth +20.1 points (needs +25)   1   #80
    payoff: R taken but not held (-180cp banked)   1   #94
    no mistake               1   #95
    ambiguous                1   #142
    payoff: only N, worth +22.2 points (needs +25)   1   #148
    payoff: only N, worth +20.1 points (needs +25)   1   #161
    payoff: R taken but not held (280cp banked)   1   #164
    payoff: only P, worth +23.2 points (needs +25)   1   #166
    payoff: only P and the save does not hold (-82cp)   1   #172
    payoff: R taken but not held (-330cp banked)   1   #184
    payoff: only B, worth +24.9 points (needs +25)   1   #213
    payoff: only P, worth +18.5 points (needs +25)   1   #229
  extended: 10 lines carried on to their payoff (+40 plies in all)
  claims struck from explanations: 32
       4  only 0cp is actually banked
       2  no queen is captured in the line
       2  only 130cp is actually banked
       2  the rook on e3 is never taken in the line
       2  the rook on c8 is never taken in the line
       2  the rook on d8 is never taken in the line
       1  only -220cp is actually banked
       1  the bishop on e4 is never taken in the line
       1  the trapped knight survives the line
       1  only 10cp is actually banked
       1  the rook on c7 is never taken in the line
       1  the rook on b2 is never taken in the line
       1  the knight on e3 is never taken in the line
       1  the rook on e1 is never taken in the line
       1  the knight on e1 is never taken in the line
       1  the knight on c2 is never taken in the line
       1  the rook on d2 is never taken in the line
       1  the bishop on d3 is never taken in the line
       1  the rook on d6 is never taken in the line
       1  the rook on f6 is never taken in the line
       1  the queen on c3 is never taken in the line
       1  only -400cp is actually banked
       1  the bishop on c2 is never taken in the line
       1  the bishop on b3 is never taken in the line
  kinds   : 31 punish, 41 save
  dull    : 21 (still the best move, no longer 200cp clear at the sweep depth)
  #37 WRONG  defence ply 3: file plays d6f5, engine plays d6e4 (weak-defence, 9000cp worse)
         was Ne3+ Kh3 Rbf8 Nf5 R8xf5 Rh6+ gxh6
         now Ne3+ Kh3 Rbf8 Ne4 Rxe4
  #91 WRONG  defence ply 7: file plays c8d8, engine plays c8g8 (weak-defence, 33cp worse)
         was d6 Kf7 dxc7 Rxc7 Kb6 Rc8 Kb7 Rd8 c7
         now d6 Kf7 dxc7 Rxc7 Kb6 Rc8 Kb7
  #111 WRONG  defence ply 9: file plays d4c4, engine plays d4c3 (weak-defence, 8745cp worse)
         was f3+ Kd2 Rh2+ Ke3 Re2+ Kd4 f2 Bb3 Rd2+ Kc4 f1=Q+
         now f3+ Kd2 Rh2+ Ke3 Re2+ Kd4 f2 Bb3 Rd2+ Ke3 f1=Q
  #220 WRONG  defence ply 5: file plays e1e2, engine plays h1g2 (weak-defence, 9094cp worse)
         was h2 Bg2 Bh3 Bh1 g2 Ke2 gxh1=Q
         now h2 Bg2 Bh3 Bh1 g2 Bxg2 Bxg2
  #227 WRONG  defence ply 7: file plays a1h1, engine plays a1c1 (weak-defence, 8713cp worse)
         was g7 b2 f6 Ng6+ Kg5 a1=Q g8=Q Qxh1 Qa8+ Kd7 Qxh1
         now g7 b2 f6 Ng6+ Kg5 a1=Q g8=Q Qc1+ Rxc1
  167 rungs removed; the track is now 72 long
  72 of 72 rungs renumbered to keep the ladder in difficulty order (ids, and so progress, are untouched)
  wrote work/gen/endgame.json
noted in work/gen/README.md
