=== STAGE 7 — full test suite ===
  test_new_rules.js                      ok       80 passed, 0 failed  
  test_generate_puzzles.js               ok       78 passed, 0 failed  
  test_verify_resume.js                  ok       27 passed, 0 failed  
  test_puzzle_nav.js                     ok       49 passed, 0 failed  
  test_puzzle_flow.js                    ok       270 passed, 0 failed  
  test_practice.js                       ok       112 passed, 0 failed  
  test_practice_flow.js                  ok       202 passed, 0 failed  
  test_lessons.js                        ok        325 passed, 0 failed 
  test_review.js                         ok       63 passed, 0 failed  
  test_ws_url.js                         ok       15 passed, 0 failed  
  test_rematch_flow.js                   ok       80 passed, 0 failed  
  test_study_education.js                ok       47 passed, 0 failed  
  test_api.js                            ok        API  PASS 826   FAIL 0 
  test_bundle.js                         ok       BUNDLE  PASS 8   FAIL 0  
  test_explanations.js                   ok        EXPLANATION  PASS 3570   FAIL 0 
  run_tests.py                           ok       PASS 974   FAIL 0   SKIP 108
  validate_kb.py                         ok         warning concepts/pawn-play/pawn-break.json: prerequisite 'pawn-structures' does not exist yet

=== corpus audit ===
  practices/opening: 101 audited
  practices/middlegame: 101 audited

  audit clean: every shipped record satisfies every gate
